
> mathforge-3d@0.1.0 test
> tsx --test --test-concurrency=1 tests/**/*.test.ts

✔ exact affine contracts reject singular and badly conditioned matrices and preserve field semantics (2.622462ms)
✔ affine construction is editable through hashed plans and preserves native face lineage (2298.819587ms)
✔ native point curvature, oriented angle and static clearance are measured through isolated jobs (5143.201387ms)
✔ analysis rejects ambiguous, unbound and foreign faces, outside UV samples and occupied overlap (2895.984516ms)
✔ coupled nonlinear constraints produce a checked proposal and persistent relationships (3336.402556ms)
✔ solver rejects infeasible systems, wrong dimensions and foreign or protected parameters (2466.685318ms)
✔ dimensionless lattice fields require explicit value-unit conversion before length-valued CSG and offsets (1.675946ms)
✔ lattice preview and VDB preserve separate coordinate and field-value units through real workers (2634.157849ms)
✔ inverse construction solves a target volume and verifies the generated B-Rep volume (1595.574358ms)
✔ distance analysis measures actual separated B-Rep features (1524.897669ms)
✔ general rational knot insertion has an outward entire-domain bound and matches independent native OCCT insertion (722.702352ms)
✔ nonuniform repeated-knot basis partitions unity and rejects malformed domains before entering the kernel (5.105042ms)
✔ piecewise exact seam bounds preserve real C2 after insertion and refuse derivative claims at kinks (22.739236ms)
✔ LLM tools discover refinement hashes, plan bounds, validate and commit; stale and protected edits fail (1666.390432ms)
✔ piecewise rational bounds cover native derivatives with nonuniform spans and unequal partitions (672.028818ms)
✔ local pole edits retain a complete C1 seam and protected neighbor; broken seams cannot commit (2575.12396ms)
✔ rational patch bounds detect derivative-only kinks with nonconstant positive weights (7.155962ms)
✔ exact rational C2 bounds preserve nonconstant weights and detect curvature-only changes (4.43921ms)
✔ rational bounds cover independent native OCCT derivatives for unequal degrees (773.743643ms)
✔ a rendered groove face selects its actual source, survives cache/restart and explicitly rebinds after a 20 µm edit (3292.718353ms)
✔ split faces and a later merge never silently resurrect a selection (2232.079345ms)
✔ face bindings enforce ownership, expiry, exact revisions and operation scope (1501.070594ms)
✔ 0.80 → 0.82 mm groove correction, mandatory validation, measured width/wall, immutable revision and STEP roundtrip (2449.734424ms)
✔ isolated OpenVDB roundtrip and private spatial reuse survive restart and a compact edit (9893.112722ms)
✔ existing compact details can be revised while protected regions still block global edits (2406.440944ms)
✔ unit equivalence over 300 random decimal scales (4.84735ms)
✔ canonical digest ignores object key order and distinguishes values (4.142544ms)
✔ affine inverse and inverse-transpose normals preserve orthogonality (3.558695ms)
✔ B-spline partition of unity and Bézier endpoint invariants (2.579252ms)
✔ stored expression drives geometry and rejects dimensional mistakes or cycles (2.477863ms)
✔ local deformation rejects folding and provides a conservative inverse Lipschitz bound (0.377538ms)
✔ 2026 discovery, tools, metadata, header mismatch, unknown version and unknown method (83.061584ms)
✔ official legacy SDK initialization, tool schemas and structured result (74.940402ms)
✔ HTTP negotiates supported Codex versions and offers a tested fallback (45.268428ms)
✔ HTTP authentication, DNS rebinding, origin validation, cookie CSRF and schema injection (21.718129ms)
✔ local MCP starts without an HTTP service, browser login or token prompt and keeps models after reconnect (574.324249ms)
✔ IR, STEP, STL, B-Rep and GLB exports have actual roundtrip reports and private artifacts (6425.752184ms)
✔ organic preview is extracted from the field AST with honest preview status (2346.542606ms)
✔ imported originals remain hash-bound in private export packages and mismatched proof blocks export (2350.760364ms)
✔ migration syncs and verifies legacy blobs before atomically recording storage version 4 (14.755933ms)
✔ blob bytes and publication are synced before transactional metadata; identical content stays immutable (80.554764ms)
✔ actual process kills across blob publication leave no committed references or partial named blobs (332.718504ms)
✔ failed storage sync rolls metadata back, and corrupt existing hashes are never reused or overwritten (83.102183ms)
✔ unknown database versions and foreign staging entries are retained for explicit recovery (12.118039ms)
✔ old build geometry is readable but cannot silently be recalculated or exported (937.521952ms)
✔ explicit rebuild binds the target build, preserves old revisions and requires validation (2445.183677ms)
✔ rebuild retains protected bounds and cannot commit changed geometry outside tolerance (1558.650082ms)
✔ MCP model discovery is private, paged and does not need remembered IDs or viewer access (14.224215ms)
✔ OAuth verifies issuer, audience, signature, expiry and signed tenant claims (55.342719ms)
✔ real backup restore preserves committed revisions and verifies every blob (779.654465ms)
✔ expired worker lease is recovered with fencing and does not duplicate a candidate (705.744515ms)
✔ kernel process crash produces failure without losing the authoritative revision (819.771171ms)
✔ crashes at different sandbox startup stages cannot leave the job waiting for inherited stderr (919.603153ms)
✔ garbage collection retains referenced artifacts and deletes only aged orphans (5.369475ms)
✔ audit chain detects any mutation and after-commit retries never roll back a commit (794.912011ms)
✔ tenant erasure removes derived data while retaining shared bytes and another tenant's model (2366.30142ms)
✔ store lock excludes a second gateway or offline maintainer and is released on close (10.361874ms)
✔ unknown database versions fail without rewriting schema or leaving the store locked (9.550302ms)
✔ scheduler interleaves principals, keeps FIFO and retains fairness after reopening (8.863551ms)
✔ model, job, selection, resource and artifact ACLs reject foreign principals (1566.730082ms)
✔ concurrent duplicates execute once; changed payload conflicts; stale candidate cannot commit (2608.464734ms)
✔ missing hook, missing commit scope and mismatched proof all fail closed (1711.876843ms)
✔ expired or foreign selection handles never rebind silently (770.000672ms)
✔ cancellation and discard fence late worker results (1596.696792ms)
✔ local field edit proves entire protected remote region, overlap blocks validation (2552.434208ms)
✔ imported IR cannot smuggle another user’s native artifact (7.213531ms)
✔ requested dimensions are checked even without user-authored constraints (1498.209945ms)
✔ decimal units preserve 20 µm and reject length/angle mixing (1.184803ms)
✔ strict patch rejects forged validation and executable payloads (1.371029ms)
✔ DAG compilation rejects cycles, absent refs, wrong dimensions and degenerate primitives (1.078798ms)
✔ dirty subgraph is local and protected widths reject changes (2.469032ms)
✔ field semantics degrade under anisotropic scaling and local deltas (0.355727ms)
✔ safe mathematical expressions validate dimensions, domains and depth (0.606241ms)
✔ bounded inverse solver computes an analytic dimension and diagnoses infeasibility (0.157596ms)
✔ new field primitives retain their mathematical semantics and reject invalid domains (1.229113ms)
✔ variable shell thickness has a global positivity and derivative bound; transforms do not promote general fields (0.293632ms)
✔ compact support comparison resolves decimal tangency beyond double precision (1.309113ms)
✔ editing or removing an existing remote detail preserves the whole protected region (1.431601ms)
ℹ tests 78
ℹ suites 0
ℹ pass 78
ℹ fail 0
ℹ cancelled 0
ℹ skipped 0
ℹ todo 0
ℹ duration_ms 90482.198676
